\BOOKMARK [0][-]{chapter*.4}{\376\377\000I\000n\000t\000r\000o\000d\000u\000c\000t\000i\000o\000n\000\040\000G\000\351\000n\000\351\000r\000a\000l\000e}{}% 1
\BOOKMARK [0][-]{chapter.1}{\376\377\000C\000a\000d\000r\000e\000\040\000G\000\351\000n\000\351\000r\000a\000l\000\040\000d\000u\000\040\000P\000r\000o\000j\000e\000t\000\040\000e\000t\000\040\000P\000r\000\351\000s\000e\000n\000t\000a\000t\000i\000o\000n\000\040\000d\000e\000\040\000l\000'\000O\000r\000g\000a\000n\000i\000s\000m\000e}{}% 2
\BOOKMARK [1][-]{section.1.1}{\376\377\000I\000n\000t\000r\000o\000d\000u\000c\000t\000i\000o\000n\000\040\000d\000u\000\040\000c\000h\000a\000p\000i\000t\000r\000e}{chapter.1}% 3
\BOOKMARK [1][-]{section.1.2}{\376\377\000C\000o\000n\000t\000e\000x\000t\000e\000\040\000G\000\351\000n\000\351\000r\000a\000l\000\040\000d\000u\000\040\000P\000r\000o\000j\000e\000t}{chapter.1}% 4
\BOOKMARK [1][-]{section.1.3}{\376\377\000P\000r\000\351\000s\000e\000n\000t\000a\000t\000i\000o\000n\000\040\000d\000e\000\040\000l\000'\000O\000r\000g\000a\000n\000i\000s\000m\000e\000\040\000d\000'\000A\000c\000c\000u\000e\000i\000l\000\040\000\050\000M\000i\000c\000r\000o\000E\000d\000i\000t\000i\000o\000n\000\051}{chapter.1}% 5
\BOOKMARK [2][-]{subsection.1.3.1}{\376\377\000P\000r\000o\000f\000i\000l\000\040\000d\000e\000\040\000l\000'\000E\000n\000t\000r\000e\000p\000r\000i\000s\000e}{section.1.3}% 6
\BOOKMARK [2][-]{subsection.1.3.2}{\376\377\000S\000e\000r\000v\000i\000c\000e\000s}{section.1.3}% 7
\BOOKMARK [2][-]{subsection.1.3.3}{\376\377\000R\000e\000c\000h\000e\000r\000c\000h\000e\000\040\000\046\000\040\000D\000\351\000v\000e\000l\000o\000p\000p\000e\000m\000e\000n\000t\000\040\000\050\000R\000\046\000D\000\051}{section.1.3}% 8
\BOOKMARK [2][-]{subsection.1.3.4}{\376\377\000S\000t\000r\000u\000c\000t\000u\000r\000e\000\040\000O\000r\000g\000a\000n\000i\000s\000a\000t\000i\000o\000n\000n\000e\000l\000l\000e}{section.1.3}% 9
\BOOKMARK [1][-]{section.1.4}{\376\377\000P\000r\000o\000b\000l\000\351\000m\000a\000t\000i\000q\000u\000e}{chapter.1}% 10
\BOOKMARK [1][-]{section.1.5}{\376\377\000A\000n\000a\000l\000y\000s\000e\000\040\000d\000e\000s\000\040\000S\000o\000l\000u\000t\000i\000o\000n\000s\000\040\000E\000x\000i\000s\000t\000a\000n\000t\000e\000s}{chapter.1}% 11
\BOOKMARK [2][-]{subsection.1.5.1}{\376\377\000\311\000t\000u\000d\000e\000\040\000d\000e\000\040\000l\000'\000e\000x\000i\000s\000t\000a\000n\000t}{section.1.5}% 12
\BOOKMARK [2][-]{subsection.1.5.2}{\376\377\000S\000y\000n\000t\000h\000\350\000s\000e\000\040\000e\000t\000\040\000C\000r\000i\000t\000i\000q\000u\000e\000\040\000:\000\040\000L\000e\000\040\000"\000M\000a\000n\000q\000u\000e\000\040\000d\000'\000H\000u\000m\000a\000n\000i\000t\000\351\000"}{section.1.5}% 13
\BOOKMARK [2][-]{subsection.1.5.3}{\376\377\000L\000a\000\040\000D\000i\000f\000f\000\351\000r\000e\000n\000c\000i\000a\000t\000i\000o\000n\000\040\000d\000e\000\040\000K\000o\000d\000a}{section.1.5}% 14
\BOOKMARK [1][-]{section.1.6}{\376\377\000S\000o\000l\000u\000t\000i\000o\000n\000\040\000P\000r\000o\000p\000o\000s\000\351\000e}{chapter.1}% 15
\BOOKMARK [1][-]{section.1.7}{\376\377\000M\000\351\000t\000h\000o\000d\000o\000l\000o\000g\000i\000e\000\040\000d\000u\000\040\000P\000r\000o\000j\000e\000t}{chapter.1}% 16
\BOOKMARK [2][-]{subsection.1.7.1}{\376\377\000M\000o\000d\000\350\000l\000e\000\040\000e\000n\000\040\000s\000p\000i\000r\000a\000l\000e}{section.1.7}% 17
\BOOKMARK [1][-]{section.1.8}{\376\377\000C\000o\000n\000c\000l\000u\000s\000i\000o\000n}{chapter.1}% 18
\BOOKMARK [0][-]{chapter.2}{\376\377\000P\000r\000\351\000p\000a\000r\000a\000t\000i\000o\000n\000\040\000d\000u\000\040\000P\000r\000o\000j\000e\000t}{}% 19
\BOOKMARK [1][-]{section.2.1}{\376\377\000I\000n\000t\000r\000o\000d\000u\000c\000t\000i\000o\000n\000\040\000d\000u\000\040\000c\000h\000a\000p\000i\000t\000r\000e}{chapter.2}% 20
\BOOKMARK [1][-]{section.2.2}{\376\377\000S\000p\000\351\000c\000i\000f\000i\000c\000a\000t\000i\000o\000n\000\040\000d\000e\000s\000\040\000b\000e\000s\000o\000i\000n\000s}{chapter.2}% 21
\BOOKMARK [2][-]{subsection.2.2.1}{\376\377\000B\000e\000s\000o\000i\000n\000s\000\040\000f\000o\000n\000c\000t\000i\000o\000n\000n\000e\000l\000s}{section.2.2}% 22
\BOOKMARK [2][-]{subsection.2.2.2}{\376\377\000B\000e\000s\000o\000i\000n\000s\000\040\000n\000o\000n\000\040\000f\000o\000n\000c\000t\000i\000o\000n\000n\000e\000l\000s}{section.2.2}% 23
\BOOKMARK [1][-]{section.2.3}{\376\377\000A\000r\000c\000h\000i\000t\000e\000c\000t\000u\000r\000e\000\040\000g\000\351\000n\000\351\000r\000a\000l\000e\000\040\000e\000t\000\040\000a\000c\000t\000e\000u\000r\000s}{chapter.2}% 24
\BOOKMARK [1][-]{section.2.4}{\376\377\000M\000\351\000t\000h\000o\000d\000o\000l\000o\000g\000i\000e\000\040\000e\000n\000\040\000s\000p\000i\000r\000a\000l\000e\000\040\000e\000t\000\040\000p\000l\000a\000n\000i\000f\000i\000c\000a\000t\000i\000o\000n}{chapter.2}% 25
\BOOKMARK [1][-]{section.2.5}{\376\377\000E\000n\000v\000i\000r\000o\000n\000n\000e\000m\000e\000n\000t\000s\000\040\000d\000e\000\040\000d\000\351\000v\000e\000l\000o\000p\000p\000e\000m\000e\000n\000t}{chapter.2}% 26
\BOOKMARK [2][-]{subsection.2.5.1}{\376\377\000M\000a\000t\000\351\000r\000i\000e\000l\000\040\000e\000t\000\040\000l\000o\000g\000i\000c\000i\000e\000l}{section.2.5}% 27
\BOOKMARK [2][-]{subsection.2.5.2}{\376\377\000L\000a\000n\000g\000a\000g\000e\000s\000\040\000e\000t\000\040\000f\000r\000a\000m\000e\000w\000o\000r\000k\000s\000\040\000u\000t\000i\000l\000i\000s\000\351\000s}{section.2.5}% 28
\BOOKMARK [1][-]{section.2.6}{\376\377\000C\000o\000n\000c\000l\000u\000s\000i\000o\000n\000\040\000d\000u\000\040\000c\000h\000a\000p\000i\000t\000r\000e}{chapter.2}% 29
\BOOKMARK [0][-]{chapter.3}{\376\377\000C\000y\000c\000l\000e\000\040\0001\000\040\000:\000\040\000A\000N\000A\000L\000Y\000S\000E\000U\000R\000\040\000E\000T\000\040\000R\000\311\000F\000L\000E\000X\000I\000O\000N}{}% 30
\BOOKMARK [1][-]{section.3.1}{\376\377\000I\000n\000t\000r\000o\000d\000u\000c\000t\000i\000o\000n}{chapter.3}% 31
\BOOKMARK [1][-]{section.3.2}{\376\377\000F\000o\000n\000d\000e\000m\000e\000n\000t\000s\000\040\000t\000h\000\351\000o\000r\000i\000q\000u\000e\000s}{chapter.3}% 32
\BOOKMARK [2][-]{subsection.3.2.1}{\376\377\000T\000h\000\351\000o\000r\000i\000e\000\040\000d\000u\000\040\000d\000o\000u\000b\000l\000e\000\040\000t\000r\000a\000i\000t\000e\000m\000e\000n\000t}{section.3.2}% 33
\BOOKMARK [2][-]{subsection.3.2.2}{\376\377\000D\000e\000\040\000l\000a\000\040\000p\000e\000r\000c\000e\000p\000t\000i\000o\000n\000\040\000\340\000\040\000l\000a\000\040\000f\000o\000r\000m\000u\000l\000a\000t\000i\000o\000n}{section.3.2}% 34
\BOOKMARK [2][-]{subsection.3.2.3}{\376\377\000C\000o\000n\000c\000l\000u\000s\000i\000o\000n\000\040\040\024\000\040\000f\000o\000n\000d\000e\000m\000e\000n\000t\000s\000\040\000t\000h\000\351\000o\000r\000i\000q\000u\000e\000s}{section.3.2}% 35
\BOOKMARK [1][-]{section.3.3}{\376\377\000D\000\351\000f\000i\000n\000i\000t\000i\000o\000n\000s\000\040\000f\000o\000n\000d\000a\000m\000e\000n\000t\000a\000l\000e\000s}{chapter.3}% 36
\BOOKMARK [2][-]{subsection.3.3.1}{\376\377\000G\000r\000a\000n\000d\000\040\000m\000o\000d\000\350\000l\000e\000\040\000d\000e\000\040\000l\000a\000n\000g\000a\000g\000e\000\040\000\050\000L\000L\000M\000\051}{section.3.3}% 37
\BOOKMARK [2][-]{subsection.3.3.2}{\376\377\000C\000o\000n\000c\000l\000u\000s\000i\000o\000n\000\040\040\024\000\040\000d\000\351\000f\000i\000n\000i\000t\000i\000o\000n\000s\000\040\000f\000o\000n\000d\000a\000m\000e\000n\000t\000a\000l\000e\000s}{section.3.3}% 38
\BOOKMARK [1][-]{section.3.4}{\376\377\000M\000o\000d\000\351\000l\000i\000s\000a\000t\000i\000o\000n\000\040\000g\000l\000o\000b\000a\000l\000e\000\040\000d\000u\000\040\000C\000y\000c\000l\000e\000\040\0001}{chapter.3}% 39
\BOOKMARK [2][-]{subsection.3.4.1}{\376\377\000V\000u\000e\000\040\000d\000'\000e\000n\000s\000e\000m\000b\000l\000e\000\040\000d\000e\000s\000\040\000t\000r\000o\000i\000s\000\040\000f\000l\000u\000x\000\040\000n\0008\000n}{section.3.4}% 40
\BOOKMARK [2][-]{subsection.3.4.2}{\376\377\000D\000i\000a\000g\000r\000a\000m\000m\000e\000\040\000d\000e\000\040\000c\000a\000s\000\040\000d\000'\000u\000t\000i\000l\000i\000s\000a\000t\000i\000o\000n\000\040\000g\000\351\000n\000\351\000r\000a\000l}{section.3.4}% 41
\BOOKMARK [2][-]{subsection.3.4.3}{\376\377\000S\000c\000h\000\351\000m\000a\000\040\000d\000e\000\040\000c\000l\000a\000s\000s\000e\000s\000\040\000g\000\351\000n\000\351\000r\000a\000l}{section.3.4}% 42
\BOOKMARK [1][-]{section.3.5}{\376\377\000F\000o\000n\000c\000t\000i\000o\000n\000n\000a\000l\000i\000t\000\351\000s\000\040\000T\000e\000c\000h\000n\000i\000q\000u\000e\000s\000\040\040\024\000\040\000l\000e\000s\000\040\000t\000r\000o\000i\000s\000\040\000f\000l\000u\000x}{chapter.3}% 43
\BOOKMARK [2][-]{subsection.3.5.1}{\376\377\000P\000r\000e\000m\000i\000e\000r\000\040\000F\000l\000u\000x\000\040\040\024\000\040\000W\000e\000b\000h\000o\000o\000k\000\040\0001\000\040\000:\000\040\000A\000n\000a\000l\000y\000s\000e\000\040\000e\000t\000\040\000R\000\351\000p\000o\000n\000s\000e}{section.3.5}% 44
\BOOKMARK [3][-]{subsubsection.3.5.1.1}{\376\377\000P\000r\000i\000n\000c\000i\000p\000e\000\040\000g\000\351\000n\000\351\000r\000a\000l\000\040\000e\000t\000\040\000d\000\351\000c\000o\000u\000p\000a\000g\000e\000\040\000e\000n\000\040\000s\000i\000x\000\040\000p\000a\000r\000t\000i\000e\000s}{subsection.3.5.1}% 45
\BOOKMARK [3][-]{subsubsection.3.5.1.2}{\376\377\000D\000i\000a\000g\000r\000a\000m\000m\000e\000\040\000d\000e\000\040\000s\000\351\000q\000u\000e\000n\000c\000e\000\040\000d\000u\000\040\000W\000e\000b\000h\000o\000o\000k\000\040\0001}{subsection.3.5.1}% 46
\BOOKMARK [3][-]{subsubsection.3.5.1.3}{\376\377\000F\000o\000r\000m\000a\000t\000\040\000d\000e\000\040\000l\000a\000\040\000R\000e\000q\000u\000\352\000t\000e\000\040\000E\000n\000t\000r\000a\000n\000t\000e}{subsection.3.5.1}% 47
\BOOKMARK [3][-]{subsubsection.3.5.1.4}{\376\377\000L\000e\000s\000\040\000s\000i\000x\000\040\000p\000a\000r\000t\000i\000e\000s\000\040\000d\000u\000\040\000W\000e\000b\000h\000o\000o\000k\000\040\0001}{subsection.3.5.1}% 48
\BOOKMARK [4][-]{paragraph.3.5.1.4.1}{\376\377\000\311\000t\000a\000p\000e\000\040\0001\000\040\040\024\000\040\000E\000n\000t\000r\000\351\000e\000\040\000f\000o\000n\000c\000t\000i\000o\000n\000n\000e\000l\000l\000e}{subsubsection.3.5.1.4}% 49
\BOOKMARK [5][-]{subparagraph.3.5.1.4.1.1}{\376\377\000B\000r\000a\000n\000c\000h\000e\000\040\000m\000u\000s\000i\000q\000u\000e\000\040\040\024\000\040\000S\000e\000r\000p\000A\000P\000I\000\040\000\050\000m\000o\000t\000e\000u\000r\000\040\000Y\000o\000u\000T\000u\000b\000e\000\051}{paragraph.3.5.1.4.1}% 50
\BOOKMARK [4][-]{paragraph.3.5.1.4.2}{\376\377\000\311\000t\000a\000p\000e\000\040\0002\000\040\040\024\000\040\000C\000o\000n\000f\000r\000o\000n\000t\000a\000t\000i\000o\000n\000\040\000\340\000\040\000l\000'\000h\000i\000s\000t\000o\000r\000i\000q\000u\000e}{subsubsection.3.5.1.4}% 51
\BOOKMARK [4][-]{paragraph.3.5.1.4.3}{\376\377\000\311\000t\000a\000p\000e\000\040\0003\000\040\040\024\000\040\000C\000l\000a\000s\000s\000i\000f\000i\000c\000a\000t\000i\000o\000n\000\040\000s\000\351\000m\000a\000n\000t\000i\000q\000u\000e}{subsubsection.3.5.1.4}% 52
\BOOKMARK [5][-]{subparagraph.3.5.1.4.3.1}{\376\377\000B\000a\000s\000i\000c\000\040\000L\000L\000M\000\040\000C\000h\000a\000i\000n\000\040\000p\000l\000u\000t\000\364\000t\000\040\000q\000u\000'\000A\000I\000\040\000A\000g\000e\000n\000t}{paragraph.3.5.1.4.3}% 53
\BOOKMARK [5][-]{subparagraph.3.5.1.4.3.2}{\376\377\000O\000p\000e\000n\000R\000o\000u\000t\000e\000r\000\040\000\050\000G\000e\000m\000i\000n\000i\000\040\000f\000l\000a\000s\000h\000\051}{paragraph.3.5.1.4.3}% 54
\BOOKMARK [4][-]{paragraph.3.5.1.4.4}{\376\377\000\311\000t\000a\000p\000e\000\040\0004\000\040\040\024\000\040\000G\000e\000s\000t\000i\000o\000n\000\040\000u\000t\000i\000l\000i\000s\000a\000t\000e\000u\000r\000\040\000\050\000r\000e\000c\000o\000n\000n\000a\000i\000s\000s\000a\000n\000c\000e\000\040\000e\000t\000\040\000e\000n\000r\000e\000g\000i\000s\000t\000r\000e\000m\000e\000n\000t\000\051}{subsubsection.3.5.1.4}% 55
\BOOKMARK [5][-]{subparagraph.3.5.1.4.4.1}{\376\377\000S\000c\000\351\000n\000a\000r\000i\000o\000\040\0001\000\040\040\024\000\040\000p\000r\000e\000s\000e\000n\000t\000a\000t\000i\000o\000n\000\040\000\050\000n\000o\000u\000v\000e\000l\000\040\000u\000t\000i\000l\000i\000s\000a\000t\000e\000u\000r\000\051}{paragraph.3.5.1.4.4}% 56
\BOOKMARK [5][-]{subparagraph.3.5.1.4.4.2}{\376\377\000S\000c\000\351\000n\000a\000r\000i\000o\000\040\0002\000\040\040\024\000\040\000u\000n\000k\000o\000n\000u\000\040\000\050\000i\000n\000v\000i\000t\000a\000t\000i\000o\000n\000\040\000\340\000\040\000s\000e\000\040\000p\000r\000\351\000s\000e\000n\000t\000e\000r\000\051}{paragraph.3.5.1.4.4}% 57
\BOOKMARK [5][-]{subparagraph.3.5.1.4.4.3}{\376\377\000S\000c\000\351\000n\000a\000r\000i\000o\000\040\0003\000\040\040\024\000\040\000p\000e\000r\000s\000o\000n\000n\000e\000\040\000c\000o\000n\000n\000u\000e}{paragraph.3.5.1.4.4}% 58
\BOOKMARK [4][-]{paragraph.3.5.1.4.5}{\376\377\000\311\000t\000a\000p\000e\000\040\0005\000\040\040\024\000\040\000R\000\351\000p\000o\000n\000s\000e\000\040\000c\000o\000n\000t\000e\000x\000t\000u\000a\000l\000i\000s\000\351\000e}{subsubsection.3.5.1.4}% 59
\BOOKMARK [4][-]{paragraph.3.5.1.4.6}{\376\377\000\311\000t\000a\000p\000e\000\040\0006\000\040\040\024\000\040\000N\000o\000t\000e\000s\000\040\000e\000t\000\040\000m\000\351\000m\000o\000i\000r\000e\000\040\000p\000e\000r\000s\000i\000s\000t\000a\000n\000t\000e}{subsubsection.3.5.1.4}% 60
\BOOKMARK [5][-]{subparagraph.3.5.1.4.6.1}{\376\377\000P\000a\000r\000t\000i\000e\000\040\0001\000\040\040\024\000\040\000E\000x\000t\000r\000a\000c\000t\000i\000o\000n\000\040\000d\000e\000s\000\040\000n\000o\000t\000e\000s\000\040\000\050\000c\000o\000n\000d\000i\000t\000i\000o\000n\000n\000e\000l\000l\000e\000\051\000.}{paragraph.3.5.1.4.6}% 61
\BOOKMARK [5][-]{subparagraph.3.5.1.4.6.2}{\376\377\000P\000a\000r\000t\000i\000e\000\040\0002\000\040\040\024\000\040\000P\000e\000r\000s\000i\000s\000t\000a\000n\000c\000e\000\040\000e\000t\000\040\000c\000l\000\364\000t\000u\000r\000e\000\040\000d\000u\000\040\000w\000e\000b\000h\000o\000o\000k\000.}{paragraph.3.5.1.4.6}% 62
\BOOKMARK [3][-]{subsubsection.3.5.1.5}{\376\377\000C\000o\000n\000c\000l\000u\000s\000i\000o\000n\000\040\000d\000u\000\040\000W\000e\000b\000h\000o\000o\000k\000\040\0001}{subsection.3.5.1}% 63
\BOOKMARK [2][-]{subsection.3.5.2}{\376\377\000D\000e\000u\000x\000i\000\350\000m\000e\000\040\000F\000l\000u\000x\000\040\040\024\000\040\000W\000e\000b\000h\000o\000o\000k\000\040\0002\000\040\000:\000\040\000F\000i\000l\000t\000r\000e\000\040\000e\000t\000\040\000S\000y\000n\000t\000h\000\350\000s\000e\000\040\000J\000o\000u\000r\000n\000a\000l\000i\000\350\000r\000e}{section.3.5}% 64
\BOOKMARK [3][-]{subsubsection.3.5.2.1}{\376\377\000E\000n\000c\000h\000a\000\356\000n\000e\000m\000e\000n\000t\000\040\000f\000o\000n\000c\000t\000i\000o\000n\000n\000e\000l}{subsection.3.5.2}% 65
\BOOKMARK [3][-]{subsubsection.3.5.2.2}{\376\377\000C\000o\000n\000t\000e\000n\000u\000\040\000d\000e\000\040\000l\000a\000\040\000f\000i\000c\000h\000e\000\040\000j\000o\000u\000r\000n\000a\000l\000i\000\350\000r\000e}{subsection.3.5.2}% 66
\BOOKMARK [3][-]{subsubsection.3.5.2.3}{\376\377\000P\000e\000r\000s\000i\000s\000t\000a\000n\000c\000e\000\040\000e\000t\000\040\000i\000m\000p\000a\000c\000t\000\040\000s\000y\000s\000t\000\350\000m\000e}{subsection.3.5.2}% 67
\BOOKMARK [3][-]{subsubsection.3.5.2.4}{\376\377\000C\000o\000n\000c\000l\000u\000s\000i\000o\000n\000\040\000d\000u\000\040\000W\000e\000b\000h\000o\000o\000k\000\040\0002}{subsection.3.5.2}% 68
\BOOKMARK [2][-]{subsection.3.5.3}{\376\377\000T\000r\000o\000i\000s\000i\000\350\000m\000e\000\040\000F\000l\000u\000x\000\040\040\024\000\040\000W\000e\000b\000h\000o\000o\000k\000\040\0003\000\040\000:\000\040\000S\000p\000o\000n\000t\000a\000n\000\351\000i\000t\000\351\000\040\000e\000t\000\040\000I\000n\000t\000e\000r\000a\000c\000t\000i\000o\000n\000\040\000P\000r\000o\000a\000c\000t\000i\000v\000e}{section.3.5}% 69
\BOOKMARK [3][-]{subsubsection.3.5.3.1}{\376\377\000P\000r\000i\000n\000c\000i\000p\000e\000\040\000:\000\040\000l\000a\000\040\000s\000p\000o\000n\000t\000a\000n\000\351\000i\000t\000\351\000\040\000c\000o\000m\000m\000e\000\040\000d\000i\000m\000e\000n\000s\000i\000o\000n\000\040\000h\000u\000m\000a\000i\000n\000e}{subsection.3.5.3}% 70
\BOOKMARK [3][-]{subsubsection.3.5.3.2}{\376\377\000D\000i\000a\000g\000r\000a\000m\000m\000e\000s\000\040\000d\000u\000\040\000W\000e\000b\000h\000o\000o\000k\000\040\0003}{subsection.3.5.3}% 71
\BOOKMARK [3][-]{subsubsection.3.5.3.3}{\376\377\000D\000\351\000c\000l\000e\000n\000c\000h\000e\000m\000e\000n\000t\000\040\000e\000t\000\040\000e\000n\000t\000r\000\351\000e\000s}{subsection.3.5.3}% 72
\BOOKMARK [3][-]{subsubsection.3.5.3.4}{\376\377\000P\000r\000\351\000p\000a\000r\000a\000t\000i\000o\000n\000\040\000d\000e\000s\000\040\000d\000o\000n\000n\000\351\000e\000s\000\040\000\050\000n\001\123\000u\000d\000\040\000C\000o\000d\000e\0001\0001\000\051}{subsection.3.5.3}% 73
\BOOKMARK [3][-]{subsubsection.3.5.3.5}{\376\377\000G\000\351\000n\000\351\000r\000a\000t\000i\000o\000n\000\040\000d\000e\000\040\000l\000'\000i\000n\000t\000r\000o\000d\000u\000c\000t\000i\000o\000n\000\040\000e\000t\000\040\000s\000o\000r\000t\000i\000e\000\040\000J\000S\000O\000N}{subsection.3.5.3}% 74
\BOOKMARK [3][-]{subsubsection.3.5.3.6}{\376\377\000C\000o\000n\000c\000l\000u\000s\000i\000o\000n\000\040\000d\000u\000\040\000W\000e\000b\000h\000o\000o\000k\000\040\0003}{subsection.3.5.3}% 75
\BOOKMARK [1][-]{section.3.6}{\376\377\000S\000y\000n\000t\000h\000\350\000s\000e\000\040\000c\000o\000g\000n\000i\000t\000i\000v\000e\000\040\000d\000u\000\040\000C\000y\000c\000l\000e\000\040\0001}{chapter.3}% 76
\BOOKMARK [1][-]{section.3.7}{\376\377\000C\000o\000n\000c\000l\000u\000s\000i\000o\000n}{chapter.3}% 77
\BOOKMARK [0][-]{chapter.4}{\376\377\000C\000y\000c\000l\000e\000\040\0002\000\040\000:\000\040\000D\000i\000s\000t\000r\000i\000b\000u\000t\000e\000u\000r\000\040\000d\000e\000\040\000S\000e\000r\000v\000i\000c\000e\000s}{}% 78
\BOOKMARK [1][-]{section.4.1}{\376\377\000I\000n\000t\000r\000o\000d\000u\000c\000t\000i\000o\000n}{chapter.4}% 79
\BOOKMARK [2][-]{paragraph.4.1.0.0.1}{\376\377\000R\000\364\000l\000e\000\040\000g\000l\000o\000b\000a\000l\000\040\000d\000u\000\040\000D\000i\000s\000t\000r\000i\000b\000u\000t\000e\000u\000r\000.}{section.4.1}% 80
\BOOKMARK [3][-]{paragraph.4.1.0.0.2}{\376\377\000O\000b\000j\000e\000c\000t\000i\000f\000s\000\040\000e\000t\000\040\000r\000\351\000s\000u\000l\000t\000a\000t\000s\000\040\000a\000t\000t\000e\000n\000d\000u\000s\000.}{paragraph.4.1.0.0.1}% 81
\BOOKMARK [4][-]{paragraph.4.1.0.0.3}{\376\377\000O\000r\000g\000a\000n\000i\000s\000a\000t\000i\000o\000n\000\040\000d\000u\000\040\000c\000h\000a\000p\000i\000t\000r\000e\000.}{paragraph.4.1.0.0.2}% 82
\BOOKMARK [1][-]{section.4.2}{\376\377\000F\000o\000n\000d\000e\000m\000e\000n\000t\000s\000\040\000t\000h\000\351\000o\000r\000i\000q\000u\000e\000s\000\040\000e\000t\000\040\000p\000o\000s\000i\000t\000i\000o\000n\000n\000e\000m\000e\000n\000t\000\040\000d\000u\000\040\000D\000i\000s\000t\000r\000i\000b\000u\000t\000e\000u\000r}{chapter.4}% 83
\BOOKMARK [2][-]{subsection.4.2.1}{\376\377\000L\000e\000\040\000p\000r\000i\000n\000c\000i\000p\000e\000\040\000d\000u\000\040\000p\000o\000i\000n\000t\000\040\000d\000e\000\040\000l\000i\000a\000i\000s\000o\000n\000\040\000u\000n\000i\000q\000u\000e}{section.4.2}% 84
\BOOKMARK [2][-]{subsection.4.2.2}{\376\377\000S\000e\000r\000v\000i\000c\000e\000s\000\040\000b\000a\000c\000k\000e\000n\000d\000\040\000e\000t\000\040\000f\000o\000n\000c\000t\000i\000o\000n\000n\000a\000l\000i\000t\000\351\000\040\000g\000l\000o\000b\000a\000l\000e\000\040\000d\000u\000\040\000s\000y\000s\000t\000\350\000m\000e}{section.4.2}% 85
\BOOKMARK [2][-]{subsection.4.2.3}{\376\377\000C\000o\000m\000m\000u\000n\000i\000c\000a\000t\000i\000o\000n\000\040\000v\000o\000c\000a\000l\000e\000\040\000e\000t\000\040\000a\000p\000p\000l\000i\000c\000a\000t\000i\000v\000e\000\040\000:\000\040\000d\000e\000u\000x\000\040\000f\000a\000c\000e\000s\000,\000\040\000u\000n\000\040\000b\000a\000c\000k\000e\000n\000d}{section.4.2}% 86
\BOOKMARK [1][-]{section.4.3}{\376\377\000M\000o\000d\000\351\000l\000i\000s\000a\000t\000i\000o\000n\000\040\000e\000t\000\040\000p\000l\000a\000c\000e\000\040\000d\000a\000n\000s\000\040\000l\000'\000a\000r\000c\000h\000i\000t\000e\000c\000t\000u\000r\000e}{chapter.4}% 87
\BOOKMARK [2][-]{subsection.4.3.1}{\376\377\000D\000i\000a\000g\000r\000a\000m\000m\000e\000\040\000d\000e\000\040\000c\000a\000s\000\040\000d\000'\000u\000t\000i\000l\000i\000s\000a\000t\000i\000o\000n\000\040\000g\000\351\000n\000\351\000r\000a\000l}{section.4.3}% 88
\BOOKMARK [2][-]{subsection.4.3.2}{\376\377\000A\000r\000c\000h\000i\000t\000e\000c\000t\000u\000r\000e\000\040\000g\000l\000o\000b\000a\000l\000e\000\040\000:\000\040\000p\000i\000v\000o\000t\000\040\000d\000e\000\040\000f\000l\000e\000x\000i\000b\000i\000l\000i\000t\000\351\000\040\000e\000t\000\040\000d\000e\000\040\000d\000i\000s\000p\000o\000n\000i\000b\000i\000l\000i\000t\000\351}{section.4.3}% 89
\BOOKMARK [1][-]{section.4.4}{\376\377\000A\000r\000c\000h\000i\000t\000e\000c\000t\000u\000r\000e\000\040\000i\000n\000t\000e\000r\000n\000e\000\040\000d\000u\000\040\000b\000a\000c\000k\000e\000n\000d}{chapter.4}% 90
\BOOKMARK [2][-]{subsection.4.4.1}{\376\377\000C\000h\000o\000i\000x\000\040\000d\000u\000\040\000l\000a\000n\000g\000a\000g\000e\000\040\000:\000\040\000P\000y\000t\000h\000o\000n}{section.4.4}% 91
\BOOKMARK [2][-]{subsection.4.4.2}{\376\377\000C\000l\000e\000a\000n\000\040\000A\000r\000c\000h\000i\000t\000e\000c\000t\000u\000r\000e\000\040\000:\000\040\000p\000r\000i\000n\000c\000i\000p\000e\000s\000\040\000e\000t\000\040\000a\000p\000p\000l\000i\000c\000a\000t\000i\000o\000n}{section.4.4}% 92
\BOOKMARK [2][-]{subsection.4.4.3}{\376\377\000S\000t\000r\000u\000c\000t\000u\000r\000e\000\040\000d\000e\000s\000\040\000r\000\351\000p\000e\000r\000t\000o\000i\000r\000e\000s\000\040\000d\000u\000\040\000p\000r\000o\000j\000e\000t}{section.4.4}% 93
\BOOKMARK [1][-]{section.4.5}{\376\377\000S\000e\000r\000v\000i\000c\000e\000s\000\040\000e\000x\000p\000o\000s\000\351\000s\000\040\000e\000t\000\040\000f\000l\000u\000x\000\040\000d\000e\000\040\000c\000o\000m\000m\000u\000n\000i\000c\000a\000t\000i\000o\000n}{chapter.4}% 94
\BOOKMARK [2][-]{subsection.4.5.1}{\376\377\000S\000e\000r\000v\000i\000c\000e\000\040\000d\000\351\000d\000i\000\351\000\040\000v\000e\000r\000s\000\040\000l\000e\000\040\000s\000y\000s\000t\000\350\000m\000e\000\040\000e\000m\000b\000a\000r\000q\000u\000\351\000\040\000\050\000r\000o\000b\000o\000t\000\051}{section.4.5}% 95
\BOOKMARK [3][-]{subsubsection.4.5.1.1}{\376\377\000C\000a\000s\000\040\000d\000'\000u\000t\000i\000l\000i\000s\000a\000t\000i\000o\000n\000\040\000r\000o\000b\000o\000t\000\040\000\040\000b\000a\000c\000k\000e\000n\000d}{subsection.4.5.1}% 96
\BOOKMARK [3][-]{subsubsection.4.5.1.2}{\376\377\000A\000c\000t\000i\000o\000n\000\040\0001\000\040\040\024\000\040\000D\000e\000m\000a\000n\000d\000e\000r\000\040\000u\000n\000e\000\040\000r\000\351\000p\000o\000n\000s\000e\000\040\000v\000o\000c\000a\000l\000e\000\040\000\050\000F\000l\000u\000x\000\040\0001\000\051}{subsection.4.5.1}% 97
\BOOKMARK [4][-]{paragraph.4.5.1.2.1}{\376\377\000L\000i\000e\000n\000\040\000a\000v\000e\000c\000\040\000l\000e\000\040\000C\000y\000c\000l\000e\000\040\0001\000.}{subsubsection.4.5.1.2}% 98
\BOOKMARK [3][-]{subsubsection.4.5.1.3}{\376\377\000A\000c\000t\000i\000o\000n\000\040\0002\000\040\040\024\000\040\000D\000e\000m\000a\000n\000d\000e\000r\000\040\000u\000n\000e\000\040\000i\000n\000t\000r\000o\000d\000u\000c\000t\000i\000o\000n\000\040\000d\000e\000\040\000p\000a\000r\000o\000l\000e\000\040\000\050\000F\000l\000u\000x\000\040\0003\000\051}{subsection.4.5.1}% 99
\BOOKMARK [4][-]{paragraph.4.5.1.3.1}{\376\377\000L\000i\000e\000n\000\040\000a\000v\000e\000c\000\040\000l\000e\000\040\000C\000y\000c\000l\000e\000\040\0001\000.}{subsubsection.4.5.1.3}% 100
\BOOKMARK [3][-]{subsubsection.4.5.1.4}{\376\377\000C\000a\000n\000a\000l\000\040\000W\000e\000b\000S\000o\000c\000k\000e\000t\000\040\000\050\000t\000e\000m\000p\000s\000\040\000r\000\351\000e\000l\000\051}{subsection.4.5.1}% 101
\BOOKMARK [3][-]{subsubsection.4.5.1.5}{\376\377\000C\000h\000a\000\356\000n\000e\000\040\000v\000o\000c\000a\000l\000e\000\040\000c\000o\000m\000p\000l\000\350\000t\000e\000\040\000\050\000A\000z\000u\000r\000e\000\040\000S\000T\000T\000\040\000/\000\040\000T\000T\000S\000\051}{subsection.4.5.1}% 102
\BOOKMARK [3][-]{subsubsection.4.5.1.6}{\376\377\000R\000e\000c\000o\000n\000n\000a\000i\000s\000s\000a\000n\000c\000e\000\040\000d\000e\000s\000\040\000p\000e\000r\000s\000o\000n\000n\000e\000s}{subsection.4.5.1}% 103
\BOOKMARK [4][-]{paragraph.4.5.1.6.1}{\376\377\000P\000r\000i\000n\000c\000i\000p\000e\000\040\000e\000t\000\040\000m\000o\000d\000\350\000l\000e\000\040\000d\000e\000\040\000d\000o\000n\000n\000\351\000e\000s\000.}{subsubsection.4.5.1.6}% 104
\BOOKMARK [4][-]{paragraph.4.5.1.6.2}{\376\377\000P\000i\000p\000e\000l\000i\000n\000e\000\040\000d\000'\000i\000d\000e\000n\000t\000i\000f\000i\000c\000a\000t\000i\000o\000n\000.}{subsubsection.4.5.1.6}% 105
\BOOKMARK [4][-]{paragraph.4.5.1.6.3}{\376\377\000C\000a\000s\000\040\000p\000a\000r\000t\000i\000c\000u\000l\000i\000e\000r\000s\000.}{subsubsection.4.5.1.6}% 106
\BOOKMARK [4][-]{paragraph.4.5.1.6.4}{\376\377\000C\000o\000n\000t\000r\000a\000i\000n\000t\000e\000s\000\040\000e\000t\000\040\000i\000n\000t\000\351\000g\000r\000a\000t\000i\000o\000n\000.}{subsubsection.4.5.1.6}% 107
\BOOKMARK [2][-]{subsection.4.5.2}{\376\377\000S\000e\000r\000v\000i\000c\000e\000\040\000d\000\351\000d\000i\000\351\000\040\000v\000e\000r\000s\000\040\000l\000'\000a\000p\000p\000l\000i\000c\000a\000t\000i\000o\000n\000\040\000m\000o\000b\000i\000l\000e\000\040\000\050\000K\000o\000d\000a\000M\000a\000t\000e\000\051}{section.4.5}% 108
\BOOKMARK [3][-]{subsubsection.4.5.2.1}{\376\377\000C\000o\000n\000t\000e\000x\000t\000e\000\040\000a\000r\000c\000h\000i\000t\000e\000c\000t\000u\000r\000a\000l}{subsection.4.5.2}% 109
\BOOKMARK [3][-]{subsubsection.4.5.2.2}{\376\377\000P\000r\000i\000n\000c\000i\000p\000e\000\040\000d\000e\000\040\000c\000o\000m\000m\000u\000n\000i\000c\000a\000t\000i\000o\000n}{subsection.4.5.2}% 110
\BOOKMARK [3][-]{subsubsection.4.5.2.3}{\376\377\000F\000l\000u\000x\000\040\000f\000o\000n\000c\000t\000i\000o\000n\000n\000e\000l\000s\000\040\000p\000r\000i\000n\000c\000i\000p\000a\000u\000x}{subsection.4.5.2}% 111
\BOOKMARK [4][-]{paragraph.4.5.2.3.1}{\376\377\000A\000u\000t\000h\000e\000n\000t\000i\000f\000i\000c\000a\000t\000i\000o\000n\000.}{subsubsection.4.5.2.3}% 112
\BOOKMARK [4][-]{paragraph.4.5.2.3.2}{\376\377\000C\000o\000n\000f\000i\000g\000u\000r\000a\000t\000i\000o\000n\000\040\000e\000t\000\040\000c\000o\000n\000t\000r\000\364\000l\000e\000\040\000d\000u\000\040\000r\000o\000b\000o\000t\000.}{subsubsection.4.5.2.3}% 113
\BOOKMARK [4][-]{paragraph.4.5.2.3.3}{\376\377\000C\000h\000a\000t\000\040\000i\000n\000t\000e\000l\000l\000i\000g\000e\000n\000t\000\040\000\050\000d\000\351\000l\000\351\000g\000a\000t\000i\000o\000n\000\040\000n\0008\000n\000\051\000.}{subsubsection.4.5.2.3}% 114
\BOOKMARK [4][-]{paragraph.4.5.2.3.4}{\376\377\000H\000i\000s\000t\000o\000r\000i\000q\000u\000e\000\040\000d\000e\000s\000\040\000c\000o\000n\000v\000e\000r\000s\000a\000t\000i\000o\000n\000s\000.}{subsubsection.4.5.2.3}% 115
\BOOKMARK [4][-]{paragraph.4.5.2.3.5}{\376\377\000D\000o\000n\000n\000\351\000e\000s\000\040\000c\000o\000m\000p\000l\000\351\000m\000e\000n\000t\000a\000i\000r\000e\000s\000\040\000\050\000h\000o\000r\000s\000\040\000b\000a\000c\000k\000e\000n\000d\000\051\000.}{subsubsection.4.5.2.3}% 116
\BOOKMARK [2][-]{subsection.4.5.3}{\376\377\000S\000e\000r\000v\000i\000c\000e\000\040\000d\000\351\000d\000i\000\351\000\040\000v\000e\000r\000s\000\040\000l\000a\000\040\000b\000a\000s\000e\000\040\000d\000e\000\040\000d\000o\000n\000n\000\351\000e\000s\000\040\000\050\000P\000o\000s\000t\000g\000r\000e\000S\000Q\000L\000\040\000/\000\040\000S\000u\000p\000a\000b\000a\000s\000e\000\051}{section.4.5}% 117
\BOOKMARK [3][-]{subsubsection.4.5.3.1}{\376\377\000M\000o\000d\000\350\000l\000e\000\040\000r\000e\000l\000a\000t\000i\000o\000n\000n\000e\000l\000\040\000e\000t\000\040\000r\000\364\000l\000e\000\040\000d\000e\000s\000\040\000t\000a\000b\000l\000e\000s}{subsection.4.5.3}% 118
\BOOKMARK [2][-]{subsection.4.5.4}{\376\377\000S\000e\000r\000v\000i\000c\000e\000\040\000d\000\351\000d\000i\000\351\000\040\000v\000e\000r\000s\000\040\000l\000e\000\040\000w\000o\000r\000k\000f\000l\000o\000w\000\040\000n\0008\000n\000\040\000\050\000C\000y\000c\000l\000e\000\040\0001\000\051}{section.4.5}% 119
\BOOKMARK [1][-]{section.4.6}{\376\377\000C\000a\000t\000a\000l\000o\000g\000u\000e\000\040\000d\000e\000s\000\040\000e\000n\000d\000p\000o\000i\000n\000t\000s\000\040\000R\000E\000S\000T\000\040\000d\000u\000\040\000D\000i\000s\000t\000r\000i\000b\000u\000t\000e\000u\000r}{chapter.4}% 120
\BOOKMARK [2][-]{subsection.4.6.1}{\376\377\000I\000n\000f\000r\000a\000s\000t\000r\000u\000c\000t\000u\000r\000e\000\040\000e\000t\000\040\000d\000o\000c\000u\000m\000e\000n\000t\000a\000t\000i\000o\000n\000\040\000\050\000h\000o\000r\000s\000\040\000/\000a\000p\000i\000\051}{section.4.6}% 121
\BOOKMARK [2][-]{subsection.4.6.2}{\376\377\000C\000o\000m\000m\000u\000n\000i\000c\000a\000t\000i\000o\000n\000\040\000a\000v\000e\000c\000\040\000P\000o\000s\000t\000g\000r\000e\000S\000Q\000L\000\040\000\050\000p\000e\000r\000s\000i\000s\000t\000a\000n\000c\000e\000\040\000S\000u\000p\000a\000b\000a\000s\000e\000\051}{section.4.6}% 122
\BOOKMARK [3][-]{subsubsection.4.6.2.1}{\376\377\000S\000a\000n\000t\000\351\000\040\000d\000e\000\040\000l\000a\000\040\000b\000a\000s\000e}{subsection.4.6.2}% 123
\BOOKMARK [3][-]{subsubsection.4.6.2.2}{\376\377\000E\000n\000t\000i\000t\000\351\000s\000\040\000p\000e\000r\000s\000i\000s\000t\000\351\000e\000s\000\040\000\050\000C\000R\000U\000D\000\051}{subsection.4.6.2}% 124
\BOOKMARK [2][-]{subsection.4.6.3}{\376\377\000C\000o\000m\000m\000u\000n\000i\000c\000a\000t\000i\000o\000n\000\040\000a\000v\000e\000c\000\040\000l\000e\000\040\000s\000y\000s\000t\000\350\000m\000e\000\040\000e\000m\000b\000a\000r\000q\000u\000\351\000\040\000\050\000R\000a\000s\000p\000b\000e\000r\000r\000y\000\040\000P\000i\000\051}{section.4.6}% 125
\BOOKMARK [2][-]{subsection.4.6.4}{\376\377\000C\000o\000m\000m\000u\000n\000i\000c\000a\000t\000i\000o\000n\000\040\000a\000v\000e\000c\000\040\000l\000e\000\040\000w\000o\000r\000k\000f\000l\000o\000w\000\040\000n\0008\000n\000\040\000\050\000C\000y\000c\000l\000e\000\040\0001\000\051}{section.4.6}% 126
\BOOKMARK [2][-]{subsection.4.6.5}{\376\377\000C\000o\000m\000m\000u\000n\000i\000c\000a\000t\000i\000o\000n\000\040\000a\000v\000e\000c\000\040\000l\000'\000a\000p\000p\000l\000i\000c\000a\000t\000i\000o\000n\000\040\000m\000o\000b\000i\000l\000e\000\040\000\050\000K\000o\000d\000a\000M\000a\000t\000e\000\051}{section.4.6}% 127
\BOOKMARK [3][-]{subsubsection.4.6.5.1}{\376\377\000E\000n\000d\000p\000o\000i\000n\000t\000s\000\040\000c\000o\000n\000s\000o\000m\000m\000\351\000s\000\040\000\340\000\040\000l\000'\000\351\000c\000r\000a\000n}{subsection.4.6.5}% 128
\BOOKMARK [3][-]{subsubsection.4.6.5.2}{\376\377\000E\000n\000d\000p\000o\000i\000n\000t\000s\000\040\000c\000o\000d\000\351\000s\000\040\000m\000a\000i\000s\000\040\000n\000o\000n\000\040\000b\000r\000a\000n\000c\000h\000\351\000s\000\040\000\340\000\040\000l\000'\000i\000n\000t\000e\000r\000f\000a\000c\000e}{subsection.4.6.5}% 129
\BOOKMARK [3][-]{subsubsection.4.6.5.3}{\376\377\000A\000P\000I\000\040\000e\000x\000t\000e\000r\000n\000e\000\040\000e\000t\000\040\000s\000e\000r\000v\000i\000c\000e\000s\000\040\000l\000o\000c\000a\000u\000x}{subsection.4.6.5}% 130
\BOOKMARK [3][-]{subsubsection.4.6.5.4}{\376\377\000C\000a\000r\000t\000o\000g\000r\000a\000p\000h\000i\000e\000\040\000\351\000c\000r\000a\000n\000\040\000\040\000e\000n\000d\000p\000o\000i\000n\000t\000s}{subsection.4.6.5}% 131
\BOOKMARK [1][-]{section.4.7}{\376\377\000P\000r\000o\000b\000l\000\350\000m\000e\000s\000\040\000r\000e\000n\000c\000o\000n\000t\000r\000\351\000s\000\040\000e\000t\000\040\000s\000o\000l\000u\000t\000i\000o\000n\000s\000\040\000a\000p\000p\000o\000r\000t\000\351\000e\000s}{chapter.4}% 132
\BOOKMARK [2][-]{subsection.4.7.1}{\376\377\000C\000o\000n\000f\000l\000i\000t\000\040\000d\000'\000a\000d\000r\000e\000s\000s\000a\000g\000e\000\040\000R\000a\000s\000p\000b\000e\000r\000r\000y\000\040\000P\000i\000\040\000/\000\040\000b\000a\000c\000k\000e\000n\000d}{section.4.7}% 133
\BOOKMARK [2][-]{subsection.4.7.2}{\376\377\000P\000r\000o\000b\000l\000\350\000m\000e\000\040\000C\000O\000R\000S\000\040\000e\000n\000t\000r\000e\000\040\000b\000a\000c\000k\000e\000n\000d\000\040\000e\000t\000\040\000a\000p\000p\000l\000i\000c\000a\000t\000i\000o\000n\000\040\000m\000o\000b\000i\000l\000e}{section.4.7}% 134
\BOOKMARK [1][-]{section.4.8}{\376\377\000P\000e\000r\000s\000p\000e\000c\000t\000i\000v\000e\000s\000\040\000e\000t\000\040\000\351\000v\000o\000l\000u\000t\000i\000o\000n\000s\000\040\000f\000u\000t\000u\000r\000e\000s}{chapter.4}% 135
\BOOKMARK [1][-]{section.4.9}{\376\377\000C\000o\000n\000c\000l\000u\000s\000i\000o\000n}{chapter.4}% 136
\BOOKMARK [0][-]{chapter.5}{\376\377\000C\000y\000c\000l\000e\000\040\0003\000\040\000:\000\040\000S\000y\000s\000t\000\350\000m\000e\000\040\000E\000m\000b\000a\000r\000q\000u\000\351\000\040\040\024\000\040\000P\000a\000r\000t\000i\000e\000\040\000M\000a\000t\000\351\000r\000i\000e\000l\000l\000e}{}% 137
\BOOKMARK [1][-]{section.5.1}{\376\377\000I\000n\000t\000r\000o\000d\000u\000c\000t\000i\000o\000n}{chapter.5}% 138
\BOOKMARK [1][-]{section.5.2}{\376\377\000A\000r\000c\000h\000i\000t\000e\000c\000t\000u\000r\000e\000\040\000M\000a\000t\000\351\000r\000i\000e\000l\000l\000e\000\040\000G\000l\000o\000b\000a\000l\000e}{chapter.5}% 139
\BOOKMARK [1][-]{section.5.3}{\376\377\000C\000o\000n\000c\000e\000p\000t\000i\000o\000n\000\040\000m\000\351\000c\000a\000n\000i\000q\000u\000e\000\040\000e\000t\000\040\000c\000h\000\342\000s\000s\000i\000s\000\040\0003\000D\000\040\000\050\000B\000l\000e\000n\000d\000e\000r\000\051}{chapter.5}% 140
\BOOKMARK [1][-]{section.5.4}{\376\377\000D\000e\000s\000c\000r\000i\000p\000t\000i\000o\000n\000\040\000D\000\351\000t\000a\000i\000l\000l\000\351\000e\000\040\000d\000e\000s\000\040\000C\000o\000m\000p\000o\000s\000a\000n\000t\000s}{chapter.5}% 141
\BOOKMARK [2][-]{subsection.5.4.1}{\376\377\000U\000n\000i\000t\000\351\000\040\000C\000e\000n\000t\000r\000a\000l\000e\000\040\000:\000\040\000R\000a\000s\000p\000b\000e\000r\000r\000y\000\040\000P\000i\000\040\0004\000\040\000M\000o\000d\000e\000l\000\040\000B}{section.5.4}% 142
\BOOKMARK [2][-]{subsection.5.4.2}{\376\377\000U\000n\000i\000t\000\351\000\040\000d\000e\000\040\000C\000o\000m\000m\000a\000n\000d\000e\000\040\000M\000o\000t\000e\000u\000r\000\040\000:\000\040\000A\000r\000d\000u\000i\000n\000o\000\040\000U\000n\000o\000\040\000+\000\040\000S\000h\000i\000e\000l\000d\000\040\000L\0002\0009\0003\000D}{section.5.4}% 143
\BOOKMARK [2][-]{subsection.5.4.3}{\376\377\000S\000y\000s\000t\000\350\000m\000e\000\040\000d\000'\000A\000c\000t\000i\000o\000n\000n\000e\000u\000r\000s}{section.5.4}% 144
\BOOKMARK [3][-]{subsubsection.5.4.3.1}{\376\377\000M\000o\000t\000e\000u\000r\000s\000\040\000D\000C\000\040\040\024\000\040\000M\000o\000b\000i\000l\000i\000t\000\351}{subsection.5.4.3}% 145
\BOOKMARK [3][-]{subsubsection.5.4.3.2}{\376\377\000S\000e\000r\000v\000o\000m\000o\000t\000e\000u\000r\000s\000\040\040\024\000\040\000A\000r\000t\000i\000c\000u\000l\000a\000t\000i\000o\000n\000s}{subsection.5.4.3}% 146
\BOOKMARK [2][-]{subsection.5.4.4}{\376\377\000S\000y\000s\000t\000\350\000m\000e\000\040\000A\000u\000d\000i\000o}{section.5.4}% 147
\BOOKMARK [3][-]{subsubsection.5.4.4.1}{\376\377\000E\000n\000t\000r\000\351\000e\000\040\000A\000u\000d\000i\000o\000\040\000:\000\040\000R\000e\000S\000p\000e\000a\000k\000e\000r\000\040\0004\000-\000M\000i\000c\000\040\000A\000r\000r\000a\000y\000\040\000U\000S\000B}{subsection.5.4.4}% 148
\BOOKMARK [3][-]{subsubsection.5.4.4.2}{\376\377\000S\000o\000r\000t\000i\000e\000\040\000A\000u\000d\000i\000o\000\040\000:\000\040\000d\000o\000u\000b\000l\000e\000\040\000c\000h\000a\000\356\000n\000e\000\040\000\050\000j\000a\000c\000k\000\040\000f\000i\000l\000a\000i\000r\000e\000\040\000e\000t\000\040\000B\000l\000u\000e\000t\000o\000o\000t\000h\000\051}{subsection.5.4.4}% 149
\BOOKMARK [2][-]{subsection.5.4.5}{\376\377\000S\000y\000s\000t\000\350\000m\000e\000\040\000d\000e\000\040\000V\000i\000s\000i\000o\000n\000\040\000:\000\040\000C\000a\000m\000\351\000r\000a\000\040\000R\000a\000s\000p\000b\000e\000r\000r\000y\000\040\000P\000i}{section.5.4}% 150
\BOOKMARK [2][-]{subsection.5.4.6}{\376\377\000I\000n\000t\000e\000r\000f\000a\000c\000e\000\040\000d\000'\000E\000x\000p\000r\000e\000s\000s\000i\000o\000n\000\040\000F\000a\000c\000i\000a\000l\000e\000\040\000:\000\040\000N\000e\000x\000t\000i\000o\000n\000\040\000N\000X\0004\0008\0003\0002\000T\0000\0003\0005\000\137\0000\0001\0001}{section.5.4}% 151
\BOOKMARK [2][-]{subsection.5.4.7}{\376\377\000S\000y\000s\000t\000\350\000m\000e\000\040\000d\000'\000A\000l\000i\000m\000e\000n\000t\000a\000t\000i\000o\000n}{section.5.4}% 152
\BOOKMARK [1][-]{section.5.5}{\376\377\000S\000c\000h\000\351\000m\000a\000\040\000d\000e\000\040\000C\000\342\000b\000l\000a\000g\000e\000\040\000G\000l\000o\000b\000a\000l}{chapter.5}% 153
\BOOKMARK [1][-]{section.5.6}{\376\377\000A\000s\000s\000e\000m\000b\000l\000a\000g\000e\000\040\000e\000t\000\040\000p\000o\000i\000n\000t\000s\000\040\000d\000'\000a\000t\000t\000e\000n\000t\000i\000o\000n}{chapter.5}% 154
\BOOKMARK [1][-]{section.5.7}{\376\377\000V\000a\000l\000i\000d\000a\000t\000i\000o\000n\000\040\000m\000a\000t\000\351\000r\000i\000e\000l\000l\000e\000\040\040\024\000\040\000t\000e\000s\000t\000s\000\040\000p\000a\000r\000\040\000c\000o\000m\000p\000o\000s\000a\000n\000t}{chapter.5}% 155
\BOOKMARK [2][-]{subsection.5.7.1}{\376\377\000C\000o\000m\000m\000a\000n\000d\000e\000s\000\040\000d\000e\000\040\000t\000e\000s\000t\000\040\000p\000a\000r\000\040\000c\000o\000m\000p\000o\000s\000a\000n\000t}{section.5.7}% 156
\BOOKMARK [3][-]{paragraph.5.7.1.0.1}{\376\377\000P\000o\000w\000e\000r\000\040\000B\000a\000n\000k\000\040\000+\000\040\000R\000a\000s\000p\000b\000e\000r\000r\000y\000\040\000P\000i\000.}{subsection.5.7.1}% 157
\BOOKMARK [4][-]{paragraph.5.7.1.0.2}{\376\377\000R\000e\000S\000p\000e\000a\000k\000e\000r\000\040\0004\000-\000M\000i\000c\000\040\000A\000r\000r\000a\000y\000\040\000U\000S\000B\000.}{paragraph.5.7.1.0.1}% 158
\BOOKMARK [4][-]{paragraph.5.7.1.0.3}{\376\377\000S\000o\000r\000t\000i\000e\000\040\000j\000a\000c\000k\000\040\000+\000\040\000a\000m\000p\000l\000i\000f\000i\000c\000a\000t\000e\000u\000r\000\040\000P\000A\000M\0008\0004\0000\0003\000.}{paragraph.5.7.1.0.1}% 159
\BOOKMARK [4][-]{paragraph.5.7.1.0.4}{\376\377\000S\000o\000r\000t\000i\000e\000\040\000B\000l\000u\000e\000t\000o\000o\000t\000h\000.}{paragraph.5.7.1.0.1}% 160
\BOOKMARK [4][-]{paragraph.5.7.1.0.5}{\376\377\000C\000a\000m\000\351\000r\000a\000\040\000R\000a\000s\000p\000b\000e\000r\000r\000y\000\040\000P\000i\000\040\000\050\000C\000S\000I\000\051\000.}{paragraph.5.7.1.0.1}% 161
\BOOKMARK [4][-]{paragraph.5.7.1.0.6}{\376\377\000\311\000c\000r\000a\000n\000\040\000N\000e\000x\000t\000i\000o\000n\000\040\000\050\000U\000A\000R\000T\000\051\000.}{paragraph.5.7.1.0.1}% 162
\BOOKMARK [4][-]{paragraph.5.7.1.0.7}{\376\377\000A\000r\000d\000u\000i\000n\000o\000\040\000+\000\040\000S\000h\000i\000e\000l\000d\000\040\000L\0002\0009\0003\000D\000\040\000\050\000c\000o\000m\000m\000a\000n\000d\000e\000\040\000s\000\351\000r\000i\000e\000\040\000U\000S\000B\000\051\000.}{paragraph.5.7.1.0.1}% 163
\BOOKMARK [4][-]{paragraph.5.7.1.0.8}{\376\377\000M\000o\000t\000e\000u\000r\000s\000\040\000D\000C\000\040\000\050\000M\0001\000,\000\040\000M\0003\000\051\000.}{paragraph.5.7.1.0.1}% 164
\BOOKMARK [4][-]{paragraph.5.7.1.0.9}{\376\377\000S\000e\000r\000v\000o\000m\000o\000t\000e\000u\000r\000s\000\040\000\050\000S\0001\000,\000\040\000S\0002\000,\000\040\000S\0003\000\051\000.}{paragraph.5.7.1.0.1}% 165
\BOOKMARK [4][-]{paragraph.5.7.1.0.10}{\376\377\000A\000l\000i\000m\000e\000n\000t\000a\000t\000i\000o\000n\000\040\0003\000\040\000p\000i\000l\000e\000s\000\040\0003\000,\0007\000V\000\040\000\050\000V\000i\000n\000\040\000s\000h\000i\000e\000l\000d\000\051\000.}{paragraph.5.7.1.0.1}% 166
\BOOKMARK [2][-]{subsection.5.7.2}{\376\377\000T\000e\000s\000t\000\040\000d\000'\000i\000n\000t\000\351\000g\000r\000a\000t\000i\000o\000n\000\040\000m\000a\000t\000\351\000r\000i\000e\000l\000l\000e}{section.5.7}% 167
\BOOKMARK [1][-]{section.5.8}{\376\377\000C\000o\000n\000c\000l\000u\000s\000i\000o\000n}{chapter.5}% 168
\BOOKMARK [0][-]{chapter.6}{\376\377\000C\000y\000c\000l\000e\000\040\0004\000\040\000:\000\040\000S\000y\000s\000t\000\350\000m\000e\000\040\000E\000m\000b\000a\000r\000q\000u\000\351\000\040\040\024\000\040\000P\000a\000r\000t\000i\000e\000\040\000L\000o\000g\000i\000c\000i\000e\000l\000l\000e\000\040\000R\000a\000s\000p\000b\000e\000r\000r\000y\000\040\000P\000i}{}% 169
\BOOKMARK [1][-]{section.6.1}{\376\377\000I\000n\000t\000r\000o\000d\000u\000c\000t\000i\000o\000n}{chapter.6}% 170
\BOOKMARK [1][-]{section.6.2}{\376\377\000A\000r\000c\000h\000i\000t\000e\000c\000t\000u\000r\000e\000\040\000l\000o\000g\000i\000c\000i\000e\000l\000l\000e\000\040\000g\000l\000o\000b\000a\000l\000e}{chapter.6}% 171
\BOOKMARK [1][-]{section.6.3}{\376\377\000A\000r\000c\000h\000i\000t\000e\000c\000t\000u\000r\000e\000\040\000d\000u\000\040\000c\000o\000d\000e}{chapter.6}% 172
\BOOKMARK [1][-]{section.6.4}{\376\377\000C\000o\000n\000f\000i\000g\000u\000r\000a\000t\000i\000o\000n\000\040\000e\000t\000\040\000l\000a\000n\000c\000e\000m\000e\000n\000t}{chapter.6}% 173
\BOOKMARK [1][-]{section.6.5}{\376\377\000D\000\351\000m\000a\000r\000r\000a\000g\000e\000\040\000e\000t\000\040\000d\000i\000a\000g\000n\000o\000s\000t\000i\000c\000\040\000m\000a\000t\000\351\000r\000i\000e\000l}{chapter.6}% 174
\BOOKMARK [1][-]{section.6.6}{\376\377\000B\000o\000u\000c\000l\000e\000\040\000p\000r\000i\000n\000c\000i\000p\000a\000l\000e\000\040\000e\000t\000\040\000m\000a\000c\000h\000i\000n\000e\000\040\000d\000'\000\351\000t\000a\000t\000s}{chapter.6}% 175
\BOOKMARK [1][-]{section.6.7}{\376\377\000P\000i\000p\000e\000l\000i\000n\000e\000\040\000v\000o\000c\000a\000l\000\040\000:\000\040\000m\000o\000t\000\040\000d\000e\000\040\000r\000\351\000v\000e\000i\000l\000,\000\040\000\351\000c\000o\000u\000t\000e\000\040\000e\000t\000\040\000r\000\351\000p\000o\000n\000s\000e}{chapter.6}% 176
\BOOKMARK [1][-]{section.6.8}{\376\377\000G\000e\000s\000t\000i\000o\000n\000\040\000d\000e\000s\000\040\000a\000c\000t\000i\000o\000n\000s\000\040\000r\000e\000t\000o\000u\000r\000n\000\351\000e\000s\000\040\000p\000a\000r\000\040\000l\000e\000\040\000b\000a\000c\000k\000e\000n\000d}{chapter.6}% 177
\BOOKMARK [1][-]{section.6.9}{\376\377\000A\000f\000f\000i\000c\000h\000a\000g\000e\000\040\000N\000e\000x\000t\000i\000o\000n\000\040\000e\000t\000\040\000e\000x\000p\000r\000e\000s\000s\000i\000o\000n\000s}{chapter.6}% 178
\BOOKMARK [1][-]{section.6.10}{\376\377\000M\000o\000u\000v\000e\000m\000e\000n\000t\000,\000\040\000A\000r\000d\000u\000i\000n\000o\000\040\000U\000S\000B\000\040\000e\000t\000\040\000o\000r\000i\000e\000n\000t\000a\000t\000i\000o\000n\000\040\000D\000O\000A}{chapter.6}% 179
\BOOKMARK [1][-]{section.6.11}{\376\377\000R\000o\000b\000u\000s\000t\000e\000s\000s\000e\000\040\000e\000t\000\040\000a\000r\000r\000\352\000t\000\040\000p\000r\000o\000p\000r\000e}{chapter.6}% 180
\BOOKMARK [1][-]{section.6.12}{\376\377\000T\000e\000s\000t\000s\000\040\000e\000t\000\040\000v\000a\000l\000i\000d\000a\000t\000i\000o\000n\000\040\000l\000o\000g\000i\000c\000i\000e\000l\000l\000e}{chapter.6}% 181
\BOOKMARK [1][-]{section.6.13}{\376\377\000L\000i\000m\000i\000t\000e\000s\000\040\000e\000t\000\040\000p\000e\000r\000s\000p\000e\000c\000t\000i\000v\000e\000s}{chapter.6}% 182
\BOOKMARK [1][-]{section.6.14}{\376\377\000C\000o\000n\000c\000l\000u\000s\000i\000o\000n}{chapter.6}% 183
\BOOKMARK [0][-]{chapter.7}{\376\377\000C\000y\000c\000l\000e\000\040\0005\000\040\000:\000\040\000A\000p\000p\000l\000i\000c\000a\000t\000i\000o\000n\000\040\000M\000o\000b\000i\000l\000e\000\040\000C\000r\000o\000s\000s\000-\000P\000l\000a\000t\000e\000f\000o\000r\000m\000e\000\040\000K\000o\000d\000a\000M\000a\000t\000e}{}% 184
\BOOKMARK [1][-]{section.7.1}{\376\377\000I\000n\000t\000r\000o\000d\000u\000c\000t\000i\000o\000n\000\040\000:\000\040\000p\000o\000u\000r\000q\000u\000o\000i\000\040\000u\000n\000e\000\040\000a\000p\000p\000l\000i\000c\000a\000t\000i\000o\000n\000\040\000c\000o\000m\000p\000a\000g\000n\000o\000n\000\040\000?}{chapter.7}% 185
\BOOKMARK [1][-]{section.7.2}{\376\377\000P\000l\000a\000c\000e\000\040\000d\000e\000\040\000K\000o\000d\000a\000M\000a\000t\000e\000\040\000d\000a\000n\000s\000\040\000l\000'\000\351\000c\000o\000s\000y\000s\000t\000\350\000m\000e}{chapter.7}% 186
\BOOKMARK [1][-]{section.7.3}{\376\377\000P\000a\000r\000c\000o\000u\000r\000s\000\040\000e\000t\000\040\000p\000r\000i\000n\000c\000i\000p\000e\000s\000\040\000d\000'\000e\000x\000p\000\351\000r\000i\000e\000n\000c\000e}{chapter.7}% 187
\BOOKMARK [1][-]{section.7.4}{\376\377\000L\000e\000s\000\040\000i\000n\000t\000e\000r\000f\000a\000c\000e\000s\000\040\000u\000t\000i\000l\000i\000s\000a\000t\000e\000u\000r}{chapter.7}% 188
\BOOKMARK [2][-]{subsection.7.4.1}{\376\377\000I\000n\000t\000e\000r\000f\000a\000c\000e\000\040\000d\000e\000\040\000c\000h\000a\000r\000g\000e\000m\000e\000n\000t}{section.7.4}% 189
\BOOKMARK [2][-]{subsection.7.4.2}{\376\377\000I\000n\000t\000e\000r\000f\000a\000c\000e\000\040\000d\000e\000\040\000c\000o\000n\000n\000e\000x\000i\000o\000n}{section.7.4}% 190
\BOOKMARK [2][-]{subsection.7.4.3}{\376\377\000I\000n\000t\000e\000r\000f\000a\000c\000e\000\040\000d\000e\000\040\000c\000o\000n\000f\000i\000g\000u\000r\000a\000t\000i\000o\000n\000\040\000d\000u\000\040\000r\000o\000b\000o\000t}{section.7.4}% 191
\BOOKMARK [2][-]{subsection.7.4.4}{\376\377\000I\000n\000t\000e\000r\000f\000a\000c\000e\000\040\000d\000'\000a\000c\000c\000u\000e\000i\000l\000\040\000\050\000H\000o\000m\000e\000\051}{section.7.4}% 192
\BOOKMARK [2][-]{subsection.7.4.5}{\376\377\000I\000n\000t\000e\000r\000f\000a\000c\000e\000\040\000d\000e\000\040\000d\000i\000a\000l\000o\000g\000u\000e\000\040\000\050\000C\000h\000a\000t\000\051}{section.7.4}% 193
\BOOKMARK [2][-]{subsection.7.4.6}{\376\377\000I\000n\000t\000e\000r\000f\000a\000c\000e\000\040\000d\000'\000h\000i\000s\000t\000o\000r\000i\000q\000u\000e}{section.7.4}% 194
\BOOKMARK [2][-]{subsection.7.4.7}{\376\377\000I\000n\000t\000e\000r\000f\000a\000c\000e\000\040\000d\000e\000\040\000p\000a\000r\000a\000m\000\350\000t\000r\000e\000s}{section.7.4}% 195
\BOOKMARK [1][-]{section.7.5}{\376\377\000O\000r\000g\000a\000n\000i\000s\000a\000t\000i\000o\000n\000\040\000t\000e\000c\000h\000n\000i\000q\000u\000e\000\040\000d\000u\000\040\000p\000r\000o\000j\000e\000t}{chapter.7}% 196
\BOOKMARK [1][-]{section.7.6}{\376\377\000F\000i\000a\000b\000i\000l\000i\000t\000\351\000\040\000e\000t\000\040\000s\000e\000s\000s\000i\000o\000n}{chapter.7}% 197
\BOOKMARK [1][-]{section.7.7}{\376\377\000T\000e\000s\000t\000s\000\040\000e\000t\000\040\000v\000a\000l\000i\000d\000a\000t\000i\000o\000n}{chapter.7}% 198
\BOOKMARK [1][-]{section.7.8}{\376\377\000L\000i\000m\000i\000t\000e\000s\000\040\000e\000t\000\040\000p\000e\000r\000s\000p\000e\000c\000t\000i\000v\000e\000s}{chapter.7}% 199
\BOOKMARK [1][-]{section.7.9}{\376\377\000C\000o\000n\000c\000l\000u\000s\000i\000o\000n}{chapter.7}% 200
\BOOKMARK [0][-]{chapter.8}{\376\377\000C\000o\000n\000c\000l\000u\000s\000i\000o\000n\000\040\000g\000\351\000n\000\351\000r\000a\000l\000e\000\040\000e\000t\000\040\000s\000y\000n\000t\000h\000\350\000s\000e\000\040\000d\000u\000\040\000p\000r\000o\000j\000e\000t}{}% 201
\BOOKMARK [1][-]{section.8.1}{\376\377\000D\000u\000\040\000c\000o\000n\000s\000t\000a\000t\000\040\000i\000n\000i\000t\000i\000a\000l\000\040\000\340\000\040\000l\000a\000\040\000s\000o\000l\000u\000t\000i\000o\000n\000\040\000r\000\351\000a\000l\000i\000s\000\351\000e}{chapter.8}% 202
\BOOKMARK [1][-]{section.8.2}{\376\377\000V\000u\000e\000\040\000d\000'\000e\000n\000s\000e\000m\000b\000l\000e\000\040\000:\000\040\000l\000e\000s\000\040\000c\000i\000n\000q\000\040\000c\000y\000c\000l\000e\000s\000\040\000e\000t\000\040\000l\000e\000u\000r\000s\000\040\000r\000\364\000l\000e\000s}{chapter.8}% 203
\BOOKMARK [1][-]{section.8.3}{\376\377\000L\000e\000s\000\040\000c\000i\000n\000q\000\040\000p\000i\000l\000i\000e\000r\000s\000\040\000d\000u\000\040\000s\000y\000s\000t\000\350\000m\000e\000\040\000K\000O\000D\000A}{chapter.8}% 204
\BOOKMARK [2][-]{subsection.8.3.1}{\376\377\000L\000e\000\040\000c\000e\000r\000v\000e\000a\000u\000\040\000c\000o\000n\000v\000e\000r\000s\000a\000t\000i\000o\000n\000n\000e\000l\000\040\000\050\000C\000y\000c\000l\000e\000\040\0001\000\051}{section.8.3}% 205
\BOOKMARK [2][-]{subsection.8.3.2}{\376\377\000L\000e\000\040\000s\000y\000s\000t\000\350\000m\000e\000\040\000n\000e\000r\000v\000e\000u\000x\000\040\000c\000e\000n\000t\000r\000a\000l\000\040\000\050\000C\000y\000c\000l\000e\000\040\0002\000\051}{section.8.3}% 206
\BOOKMARK [2][-]{subsection.8.3.3}{\376\377\000L\000e\000\040\000c\000o\000r\000p\000s\000\040\000d\000u\000\040\000c\000o\000m\000p\000a\000g\000n\000o\000n\000\040\000\050\000C\000y\000c\000l\000e\000s\000\040\0003\000\040\000e\000t\000\040\0004\000\051}{section.8.3}% 207
\BOOKMARK [2][-]{subsection.8.3.4}{\376\377\000L\000a\000\040\000r\000e\000l\000a\000t\000i\000o\000n\000\040\000\340\000\040\000d\000i\000s\000t\000a\000n\000c\000e\000\040\000\050\000C\000y\000c\000l\000e\000\040\0005\000\051}{section.8.3}% 208
\BOOKMARK [1][-]{section.8.4}{\376\377\000C\000o\000m\000m\000e\000n\000t\000\040\000l\000i\000r\000e\000\040\000l\000'\000e\000n\000s\000e\000m\000b\000l\000e\000\040\000:\000\040\000u\000n\000\040\000s\000c\000\351\000n\000a\000r\000i\000o\000\040\000t\000y\000p\000e}{chapter.8}% 209
\BOOKMARK [1][-]{section.8.5}{\376\377\000A\000p\000p\000o\000r\000t\000s\000\040\000d\000u\000\040\000p\000r\000o\000j\000e\000t}{chapter.8}% 210
\BOOKMARK [1][-]{section.8.6}{\376\377\000L\000i\000m\000i\000t\000e\000s\000\040\000e\000t\000\040\000e\000n\000s\000e\000i\000g\000n\000e\000m\000e\000n\000t\000s}{chapter.8}% 211
\BOOKMARK [1][-]{section.8.7}{\376\377\000P\000e\000r\000s\000p\000e\000c\000t\000i\000v\000e\000s}{chapter.8}% 212
\BOOKMARK [1][-]{section.8.8}{\376\377\000C\000o\000n\000c\000l\000u\000s\000i\000o\000n\000\040\000f\000i\000n\000a\000l\000e}{chapter.8}% 213
